<html>
<body>
<pre>
<h1>µVision Build Log</h1>
<h2>Tool Versions:</h2>
IDE-Version: µVision V5.36.0.0
Copyright (C) 2021 ARM Ltd and ARM Germany GmbH. All rights reserved.
License Information: jhb hjb, hjb, LIC=----
 
Tool Versions:
Toolchain:       MDK-Lite  Version: 5.36.0.0
Toolchain Path:  C:\Keil_v5\ARM\ARMCC\Bin
C Compiler:      Armcc.exe V5.06 update 7 (build 960)
Assembler:       Armasm.exe V5.06 update 7 (build 960)
Linker/Locator:  ArmLink.exe V5.06 update 7 (build 960)
Library Manager: ArmAr.exe V5.06 update 7 (build 960)
Hex Converter:   FromElf.exe V5.06 update 7 (build 960)
CPU DLL:         SARMCM3.DLL V5.36.0.0
Dialog DLL:      DCM.DLL V1.17.3.0
Target DLL:      lmidk-agdi.dll V???
Dialog DLL:      TCM.DLL V1.53.0.0
 
<h2>Project:</h2>
F:\Faculty\Third Year\Second Term\Test\emb_Prog - Copy - Copy\SpaceInvaders.uvproj
Project File Date:  05/19/2022

<h2>Output:</h2>
*** Using Compiler 'V5.06 update 7 (build 960)', folder: 'C:\Keil_v5\ARM\ARMCC\Bin'
Build target 'SpaceInvaders'
compiling SpaceInvaders.c...
Nokia5110.h(292): warning:  #1295-D: Deprecated declaration Draw - give arg types
  void Draw();
Nokia5110.h(293): warning:  #1295-D: Deprecated declaration start - give arg types
  unsigned long start();
Nokia5110.h(294): warning:  #1295-D: Deprecated declaration set_Cursor - give arg types
  void set_Cursor();
Nokia5110.h(295): warning:  #1295-D: Deprecated declaration remove_Cursor - give arg types
  void remove_Cursor();
SpaceInvaders.c: 4 warnings, 0 errors
compiling Nokia5110.c...
Nokia5110.h(292): warning:  #1295-D: Deprecated declaration Draw - give arg types
  void Draw();
Nokia5110.h(293): warning:  #1295-D: Deprecated declaration start - give arg types
  unsigned long start();
Nokia5110.h(294): warning:  #1295-D: Deprecated declaration set_Cursor - give arg types
  void set_Cursor();
Nokia5110.h(295): warning:  #1295-D: Deprecated declaration remove_Cursor - give arg types
  void remove_Cursor();
Nokia5110.c(507): warning:  #177-D: variable "i"  was declared but never referenced
  	char i,j,x,y;
Nokia5110.c(507): warning:  #177-D: variable "j"  was declared but never referenced
  	char i,j,x,y;
Nokia5110.c(507): warning:  #550-D: variable "x"  was set but never used
  	char i,j,x,y;
Nokia5110.c(507): warning:  #550-D: variable "y"  was set but never used
  	char i,j,x,y;
Nokia5110.c(522): warning:  #550-D: variable "SW1"  was set but never used
  	unsigned long  SW1, SW2 ,SW3,choose=3;
Nokia5110.c(522): warning:  #550-D: variable "SW2"  was set but never used
  	unsigned long  SW1, SW2 ,SW3,choose=3;
Nokia5110.c(522): warning:  #550-D: variable "SW3"  was set but never used
  	unsigned long  SW1, SW2 ,SW3,choose=3;
Nokia5110.c(439): warning:  #177-D: variable "Winner"  was declared but never referenced
   static char Winner=0;
Nokia5110.c: 12 warnings, 0 errors
linking...
Program Size: Code=4988 RO-data=872 RW-data=64 ZI-data=1696  
".\SpaceInvaders.axf" - 0 Error(s), 16 Warning(s).
Build Time Elapsed:  00:00:01
</pre>
</body>
</html>
